
==============================================================================
Combining shards
==============================================================================
  discover_shard_0.json: 30 reference, 60 candidates, ligands a8ae9075598df11d, curation da70584f5064c941

Pooled: 30 reference actives, 60 candidates, 104 CPU-minutes

==============================================================================
How generation was constrained
==============================================================================
  anchoring motif(s), measured from the actives: amidine
  fragment pool: 26 carrying the motif, used as build seeds; 55 motif-free, used as reagents. Every product therefore grows from exactly one warhead by construction rather than being filtered afterwards -- the filter version spends the generation budget on artefacts, which is how a previous run reached 15 artefacts and an empty shortlist.

==============================================================================
The feature profile the candidates were judged against
==============================================================================
  built from 30 actives against 1200 background compounds
  background: unrelated ChEMBL targets (presumed non-binders)
    families: protein kinase (360), aminergic GPCR (240), nuclear receptor (240), carbonic anhydrase (120), peptide GPCR (120), oxidoreductase (120)
  conserved: amidine, basic_nitrogen_any, halogen_on_aromatic, primary_aliphatic_amine
  most discriminating: amidine
  set aside as ubiquitous: aromatic_ring

  prevalence (actives vs background):
    amidine: 90% vs 4% (22.5x)

  CAUTION: a feature can be enriched among potent compounds without
  being what binds. Late-stage optimisation adds fluorine, so aromatic
  halogens correlate with potency inside an optimised series while
  forming no specific interaction. This profile measures correlation
  with potency, not binding mechanism, and cannot tell the two apart.

==============================================================================
4. Triage against the reference distribution
==============================================================================
  reference actives by raw score: median -9.03, range -10.20 to -7.51 kcal/mol
  reference actives by ligand efficiency: median -0.261, range -0.347 to -0.149 kcal/mol/atom

  TRIAGE WITHHELD. 22 of 60 candidates reach a ligand efficiency of -0.261 kcal/mol/atom, the median known active -- but not one of them reaches it by more than Vina's own 2.5 kcal/mol method error (margins median 0.49, max 1.17 kcal/mol).
  So the cut runs through a part of the distribution narrower than the method can resolve. Those candidates are indistinguishable from a median known active at Vina's precision, and so are most of the 38 above the line. A subset called 'passing' would report as a filter something that does not filter.
  All 60 candidates are reported below with their efficiencies, unranked and uncut. The threshold stays a stated reference point.

  ligand efficiency across survivors: -0.290 to -0.155 kcal/mol/atom

  NOT RANKED, and not a shortlist. The triage was withheld above, so these are reported in the order they were docked. Sorting them by ligand efficiency would imply an ordering the method cannot support: the whole set spans less than Vina's error, so the first entry is not better evidence than the last.

==============================================================================
Candidates, with the triage withheld
==============================================================================
60 structures that are novel, pass the filters calibrated for this target, and retain a feature the known actives share, and are INDISTINGUISHABLE from a median known active at Vina's precision -- which is a weaker and more accurate statement than 'reach the median'.

This is not a ranked shortlist and no subset of it passed a test. The efficiency threshold is printed beside each entry as a reference point, not as a line anything cleared.

  1. CC(=O)Oc1ccc2c(c1)C1(N=C(C)C(N)=N1)[C@]1(CC[C@H](c3ccccc3)CC1)C2
     docking -8.29 kcal/mol | LE -0.276 | 30 heavy atoms | SAscore 4.12 | Tanimoto 0.55
     retains: amidine
  2. CC#CCOc1ccc2c(c1)C1(N=C(C)C(N)=N1)[C@]1(CC[C@H](c3ccccc3)CC1)C2
     docking -8.84 kcal/mol | LE -0.285 | 31 heavy atoms | SAscore 4.31 | Tanimoto 0.57
     retains: amidine
  3. CC1=NC2(N=C1N)c1cc(Oc3ncc(F)cc3F)ccc1C[C@]21CC[C@@H](c2ccccc2)CC1
     docking -8.52 kcal/mol | LE -0.244 | 35 heavy atoms | SAscore 4.29 | Tanimoto 0.50
     retains: amidine
  4. CC1=NC2(N=C1N)c1cc(Oc3ccc(Cl)cn3)ccc1C[C@]21CC[C@@H](c2ccccc2)CC1
     docking -9.74 kcal/mol | LE -0.287 | 34 heavy atoms | SAscore 4.17 | Tanimoto 0.51
     retains: amidine
  5. CC1=NC2(N=C1N)c1cc(Oc3cc(Cl)c(F)c(C#N)c3)ccc1C[C@]21CC[C@@H](c2ccccc2)CC1
     docking -10.31 kcal/mol | LE -0.279 | 37 heavy atoms | SAscore 4.39 | Tanimoto 0.61
     retains: amidine
  6. CC#Cc1cncc(Oc2ccc3c(c2)C2(N=C(C)C(N)=N2)[C@]2(CC[C@H](c4ccccc4)CC2)C3)c1
     docking -9.36 kcal/mol | LE -0.260 | 36 heavy atoms | SAscore 4.42 | Tanimoto 0.60
     retains: amidine
  7. CC1=NC2(N=C1N)c1cc(Oc3c(C)noc3C)ccc1C[C@]21CC[C@@H](c2ccccc2)CC1
     docking -9.00 kcal/mol | LE -0.265 | 34 heavy atoms | SAscore 4.35 | Tanimoto 0.51
     retains: amidine
  8. CC1=NC2(N=C1N)c1cc(Oc3cc(C#N)cc(CC(C)(C)C)c3)ccc1C[C@]21CC[C@@H](c2ccccc2)CC1
     docking -9.10 kcal/mol | LE -0.228 | 40 heavy atoms | SAscore 4.40 | Tanimoto 0.51
     retains: amidine
  9. CC1=NC2(N=C1N)c1cc(Oc3cc(C#N)cc(-c4ccc(F)cn4)c3)ccc1C[C@]21CC[C@@H](c2ccccc2)CC1
     docking -10.43 kcal/mol | LE -0.248 | 42 heavy atoms | SAscore 4.39 | Tanimoto 0.54
     retains: amidine
 10. CC1=NC2(N=C1N)c1cc(O[C@H](C(=O)N3CCOCC3)[C@H](C)O)ccc1C[C@]21CC[C@@H](c2ccccc2)CC1
     docking -8.70 kcal/mol | LE -0.223 | 39 heavy atoms | SAscore 4.86 | Tanimoto 0.50
     retains: amidine
 11. CC1=NC2(N=C1N)c1cc(Oc3cnc4c(c3)[C@@H](Nc3ccnc(F)c3)C[C@]3(C[C@H](C)C3)O4)ccc1C[C@]21CC[C@@H](c2ccccc2)CC1
     docking -10.45 kcal/mol | LE -0.213 | 49 heavy atoms | SAscore 5.34 | Tanimoto 0.40
     retains: amidine
 12. CC1=NC2(N=C1N)c1cc(Oc3cc(F)c(F)c(C(F)F)c3)ccc1C[C@]21CC[C@@H](c2ccccc2)CC1
     docking -10.09 kcal/mol | LE -0.266 | 38 heavy atoms | SAscore 4.41 | Tanimoto 0.52
     retains: amidine
 13. CC1=NC2(N=C1N)c1cc(Oc3cc(F)c(F)c(-c4ncc(Cl)cc4Cl)c3)ccc1C[C@]21CC[C@@H](c2ccccc2)CC1
     docking -11.79 kcal/mol | LE -0.274 | 43 heavy atoms | SAscore 4.47 | Tanimoto 0.49
     retains: amidine
 14. CC1=NC2(N=C1N)c1cc(OCc3ccc(C#N)cn3)ccc1C[C@]21CC[C@@H](c2ccccc2)CC1
     docking -10.03 kcal/mol | LE -0.279 | 36 heavy atoms | SAscore 4.25 | Tanimoto 0.55
     retains: amidine
 15. CC1=NC2(N=C1N)c1cc(OCc3ccnc(F)c3)ccc1C[C@]21CC[C@@H](c2ccccc2)CC1
     docking -9.26 kcal/mol | LE -0.265 | 35 heavy atoms | SAscore 4.22 | Tanimoto 0.53
     retains: amidine

==============================================================================
What these are, and what they are not
==============================================================================
These structures have NO predicted potency. Generated candidates sit
outside the QSAR model's applicability domain almost by construction --
the reason to generate them is that they are new, and new is exactly
where the model has no basis to predict. Attaching an IC50 to them would
be inventing a number.

What the evidence supports: they are novel against the curated ChEMBL
set, synthetically plausible by SAscore, free of PAINS alerts, and they
occupy the BACE1 site about as well as known inhibitors do in the same
receptor and box.

That is a shortlist worth a chemist's hour. It is not a result, and the
only way to find out whether any of them bind is to make them and test
them.

Written to runs/shortlist.json
